AR ha_muser_fa behavioral C:/Users/rastr-tz/Desktop/edited/nanoprocessor/FA.vhf sub00/vhpl07 1450328350
AR or8_mxilinx_mux_8way_4bit behavioral C:/Users/rastr-tz/Desktop/edited/nanoprocessor/Mux_8way_4bit.vhf sub00/vhpl65 1450328328
AR mux_2to1_muser_mux_2way_3bit behavioral C:/Users/rastr-tz/Desktop/edited/nanoprocessor/Mux_2way_3bit.vhf sub00/vhpl57 1450328320
EN add_sub_unit_4bit NULL C:/Users/rastr-tz/Desktop/edited/nanoprocessor/Add_sub_unit_4bit.vhf sub00/vhpl04 1450328313
EN fa_muser_nanoprocessor NULL C:/Users/rastr-tz/Desktop/edited/nanoprocessor/NanoProcessor.vhf sub00/vhpl22 1450328277
AR id behavioral C:/Users/rastr-tz/Desktop/edited/nanoprocessor/ID.vhf sub00/vhpl55 1450328316
EN ha_muser_adder_3bit NULL C:/Users/rastr-tz/Desktop/edited/nanoprocessor/Adder_3bit.vhf sub00/vhpl48 1450328303
AR fa_muser_add_sub_unit_4bit behavioral C:/Users/rastr-tz/Desktop/edited/nanoprocessor/Add_sub_unit_4bit.vhf sub00/vhpl03 1450328312
EN mux_2way_3bit NULL C:/Users/rastr-tz/Desktop/edited/nanoprocessor/Mux_2way_3bit.vhf sub00/vhpl58 1450328321
AR adder_3bit_muser_nanoprocessor behavioral C:/Users/rastr-tz/Desktop/edited/nanoprocessor/NanoProcessor.vhf sub00/vhpl25 1450328280
EN ha_muser_add_sub_unit_4bit NULL C:/Users/rastr-tz/Desktop/edited/nanoprocessor/Add_sub_unit_4bit.vhf sub00/vhpl00 1450328309
AR decoder_2to4_muser_nanoprocessor behavioral C:/Users/rastr-tz/Desktop/edited/nanoprocessor/NanoProcessor.vhf sub00/vhpl29 1450328284
AR mux_2way_4bit_muser_nanoprocessor behavioral C:/Users/rastr-tz/Desktop/edited/nanoprocessor/NanoProcessor.vhf sub00/vhpl43 1450328298
EN decoder_2to4_muser_nanoprocessor NULL C:/Users/rastr-tz/Desktop/edited/nanoprocessor/NanoProcessor.vhf sub00/vhpl28 1450328283
EN mux_2to1_muser_mux_2way_4bit NULL C:/Users/rastr-tz/Desktop/edited/nanoprocessor/Mux_2way_4bit.vhf sub00/vhpl60 1450328323
AR decoder_2to4_muser_decoder_3to8 behavioral C:/Users/rastr-tz/Desktop/edited/nanoprocessor/Decoder_3to8.vhf sub00/vhpl99 1450328366
AR add_sub_unit_4bit behavioral C:/Users/rastr-tz/Desktop/edited/nanoprocessor/Add_sub_unit_4bit.vhf sub00/vhpl05 1450328314
EN adder_3bit_muser_nanoprocessor NULL C:/Users/rastr-tz/Desktop/edited/nanoprocessor/NanoProcessor.vhf sub00/vhpl24 1450328279
EN decoder_2to4_muser_mux_8way_4bit NULL C:/Users/rastr-tz/Desktop/edited/nanoprocessor/Mux_8way_4bit.vhf sub00/vhpl66 1450328329
EN mux_2way_3bit_muser_nanoprocessor NULL C:/Users/rastr-tz/Desktop/edited/nanoprocessor/NanoProcessor.vhf sub00/vhpl16 1450328271
EN fa NULL C:/Users/rastr-tz/Desktop/edited/nanoprocessor/FA.vhf sub00/vhpl08 1450328351
AR program_rom behavioral C:/Users/rastr-tz/Desktop/edited/nanoprocessor/Program_ROM.vhf sub00/vhpl77 1450328340
AR pc_muser_nanoprocessor behavioral C:/Users/rastr-tz/Desktop/edited/nanoprocessor/NanoProcessor.vhf sub00/vhpl13 1450328268
EN ha NULL C:/Users/rastr-tz/Desktop/edited/nanoprocessor/HA.vhf sub00/vhpl10 1450328369
EN decoder_2to4_muser_reg8_bank NULL C:/Users/rastr-tz/Desktop/edited/nanoprocessor/Reg8_bank.vhf sub00/vhpl80 1450328343
AR reg_4bit_muser_nanoprocessor behavioral C:/Users/rastr-tz/Desktop/edited/nanoprocessor/NanoProcessor.vhf sub00/vhpl37 1450328292
EN id NULL C:/Users/rastr-tz/Desktop/edited/nanoprocessor/ID.vhf sub00/vhpl54 1450328315
AR decoder_3to8_muser_mux_8way_4bit behavioral C:/Users/rastr-tz/Desktop/edited/nanoprocessor/Mux_8way_4bit.vhf sub00/vhpl69 1450328332
EN id_muser_nanoprocessor NULL C:/Users/rastr-tz/Desktop/edited/nanoprocessor/NanoProcessor.vhf sub00/vhpl44 1450328299
EN mux_8way_4bit_muser_nanoprocessor NULL C:/Users/rastr-tz/Desktop/edited/nanoprocessor/NanoProcessor.vhf sub00/vhpl34 1450328289
AR ha_muser_nanoprocessor behavioral C:/Users/rastr-tz/Desktop/edited/nanoprocessor/NanoProcessor.vhf sub00/vhpl21 1450328276
EN reg_4bit NULL C:/Users/rastr-tz/Desktop/edited/nanoprocessor/Reg_4bit.vhf sub00/vhpl96 1450328363
AR or8_mxilinx_nanoprocessor behavioral C:/Users/rastr-tz/Desktop/edited/nanoprocessor/NanoProcessor.vhf sub00/vhpl27 1450328282
EN reg8_bank_muser_nanoprocessor NULL C:/Users/rastr-tz/Desktop/edited/nanoprocessor/NanoProcessor.vhf sub00/vhpl38 1450328293
AR ha behavioral C:/Users/rastr-tz/Desktop/edited/nanoprocessor/HA.vhf sub00/vhpl11 1450328370
AR mux_2to1_muser_mux_2way_4bit behavioral C:/Users/rastr-tz/Desktop/edited/nanoprocessor/Mux_2way_4bit.vhf sub00/vhpl61 1450328324
EN pc_muser_nanoprocessor NULL C:/Users/rastr-tz/Desktop/edited/nanoprocessor/NanoProcessor.vhf sub00/vhpl12 1450328267
AR or8_mxilinx_mux_8to1 behavioral C:/Users/rastr-tz/Desktop/edited/nanoprocessor/MUX_8to1.vhf sub00/vhpl89 1450328356
EN fa_muser_adder_3bit NULL C:/Users/rastr-tz/Desktop/edited/nanoprocessor/Adder_3bit.vhf sub00/vhpl50 1450328305
AR mux_8to1_muser_mux_8way_4bit behavioral C:/Users/rastr-tz/Desktop/edited/nanoprocessor/Mux_8way_4bit.vhf sub00/vhpl71 1450328334
AR mux_8way_4bit behavioral C:/Users/rastr-tz/Desktop/edited/nanoprocessor/Mux_8way_4bit.vhf sub00/vhpl73 1450328336
AR mux_2way_3bit_muser_nanoprocessor behavioral C:/Users/rastr-tz/Desktop/edited/nanoprocessor/NanoProcessor.vhf sub00/vhpl17 1450328272
EN adder_3bit NULL C:/Users/rastr-tz/Desktop/edited/nanoprocessor/Adder_3bit.vhf sub00/vhpl52 1450328307
EN pc NULL C:/Users/rastr-tz/Desktop/edited/nanoprocessor/PC.vhf sub00/vhpl74 1450328337
EN mux_2to1_muser_mux_2way_3bit NULL C:/Users/rastr-tz/Desktop/edited/nanoprocessor/Mux_2way_3bit.vhf sub00/vhpl56 1450328319
EN nanoprocessor NULL C:/Users/rastr-tz/Desktop/edited/nanoprocessor/NanoProcessor.vhf sub00/vhpl46 1450328301
AR decoder_3to8_muser_reg8_bank behavioral C:/Users/rastr-tz/Desktop/edited/nanoprocessor/Reg8_bank.vhf sub00/vhpl83 1450328346
AR mux_8to1 behavioral C:/Users/rastr-tz/Desktop/edited/nanoprocessor/MUX_8to1.vhf sub00/vhpl95 1450328362
AR decoder_2to4_muser_reg8_bank behavioral C:/Users/rastr-tz/Desktop/edited/nanoprocessor/Reg8_bank.vhf sub00/vhpl81 1450328344
EN lut_muser_nanoprocessor NULL C:/Users/rastr-tz/Desktop/edited/nanoprocessor/NanoProcessor.vhf sub01/vhpl102 1450328265
EN reg8_bank NULL C:/Users/rastr-tz/Desktop/edited/nanoprocessor/Reg8_bank.vhf sub00/vhpl84 1450328347
EN mux_8way_4bit NULL C:/Users/rastr-tz/Desktop/edited/nanoprocessor/Mux_8way_4bit.vhf sub00/vhpl72 1450328335
AR decoder_3to8_muser_nanoprocessor behavioral C:/Users/rastr-tz/Desktop/edited/nanoprocessor/NanoProcessor.vhf sub00/vhpl31 1450328286
AR reg8_bank_muser_nanoprocessor behavioral C:/Users/rastr-tz/Desktop/edited/nanoprocessor/NanoProcessor.vhf sub00/vhpl39 1450328294
EN or8_mxilinx_nanoprocessor NULL C:/Users/rastr-tz/Desktop/edited/nanoprocessor/NanoProcessor.vhf sub00/vhpl26 1450328281
AR lut behavioral C:/Users/rastr-tz/Desktop/edited/nanoprocessor/LUT.vhf sub01/vhpl105 1450328318
AR mux_8way_4bit_muser_nanoprocessor behavioral C:/Users/rastr-tz/Desktop/edited/nanoprocessor/NanoProcessor.vhf sub00/vhpl35 1450328290
EN or8_mxilinx_mux_8way_4bit NULL C:/Users/rastr-tz/Desktop/edited/nanoprocessor/Mux_8way_4bit.vhf sub00/vhpl64 1450328327
EN lut NULL C:/Users/rastr-tz/Desktop/edited/nanoprocessor/LUT.vhf sub01/vhpl104 1450328317
EN ha_muser_fa NULL C:/Users/rastr-tz/Desktop/edited/nanoprocessor/FA.vhf sub00/vhpl06 1450328349
AR ha_muser_add_sub_unit_4bit behavioral C:/Users/rastr-tz/Desktop/edited/nanoprocessor/Add_sub_unit_4bit.vhf sub00/vhpl01 1450328310
AR fa behavioral C:/Users/rastr-tz/Desktop/edited/nanoprocessor/FA.vhf sub00/vhpl09 1450328352
EN mux_8to1 NULL C:/Users/rastr-tz/Desktop/edited/nanoprocessor/MUX_8to1.vhf sub00/vhpl94 1450328361
AR program_rom_muser_nanoprocessor behavioral C:/Users/rastr-tz/Desktop/edited/nanoprocessor/NanoProcessor.vhf sub00/vhpl19 1450328274
EN decoder_3to8_muser_nanoprocessor NULL C:/Users/rastr-tz/Desktop/edited/nanoprocessor/NanoProcessor.vhf sub00/vhpl30 1450328285
AR mux_8to1_muser_nanoprocessor behavioral C:/Users/rastr-tz/Desktop/edited/nanoprocessor/NanoProcessor.vhf sub00/vhpl33 1450328288
EN program_rom_muser_nanoprocessor NULL C:/Users/rastr-tz/Desktop/edited/nanoprocessor/NanoProcessor.vhf sub00/vhpl18 1450328273
AR nanoprocessor behavioral C:/Users/rastr-tz/Desktop/edited/nanoprocessor/NanoProcessor.vhf sub00/vhpl47 1450328302
AR ha_muser_adder_3bit behavioral C:/Users/rastr-tz/Desktop/edited/nanoprocessor/Adder_3bit.vhf sub00/vhpl49 1450328304
EN decoder_3to8_muser_mux_8way_4bit NULL C:/Users/rastr-tz/Desktop/edited/nanoprocessor/Mux_8way_4bit.vhf sub00/vhpl68 1450328331
AR mux_2way_3bit behavioral C:/Users/rastr-tz/Desktop/edited/nanoprocessor/Mux_2way_3bit.vhf sub00/vhpl59 1450328322
EN mux_2way_4bit NULL C:/Users/rastr-tz/Desktop/edited/nanoprocessor/Mux_2way_4bit.vhf sub00/vhpl62 1450328325
AR mux_2to1 behavioral C:/Users/rastr-tz/Desktop/edited/nanoprocessor/MUX_2to1.vhf sub00/vhpl87 1450328354
EN add_sub_unit_4bit_muser_nanoprocessor NULL C:/Users/rastr-tz/Desktop/edited/nanoprocessor/NanoProcessor.vhf sub00/vhpl40 1450328295
EN mux_2to1 NULL C:/Users/rastr-tz/Desktop/edited/nanoprocessor/MUX_2to1.vhf sub00/vhpl86 1450328353
EN reg_4bit_muser_reg8_bank NULL C:/Users/rastr-tz/Desktop/edited/nanoprocessor/Reg8_bank.vhf sub00/vhpl78 1450328341
AR decoder_2to4_muser_mux_8to1 behavioral C:/Users/rastr-tz/Desktop/edited/nanoprocessor/MUX_8to1.vhf sub00/vhpl91 1450328358
EN decoder_2to4_muser_mux_8to1 NULL C:/Users/rastr-tz/Desktop/edited/nanoprocessor/MUX_8to1.vhf sub00/vhpl90 1450328357
AR reg_4bit_muser_reg8_bank behavioral C:/Users/rastr-tz/Desktop/edited/nanoprocessor/Reg8_bank.vhf sub00/vhpl79 1450328342
EN decoder_2to4_muser_decoder_3to8 NULL C:/Users/rastr-tz/Desktop/edited/nanoprocessor/Decoder_3to8.vhf sub00/vhpl98 1450328365
AR id_muser_nanoprocessor behavioral C:/Users/rastr-tz/Desktop/edited/nanoprocessor/NanoProcessor.vhf sub00/vhpl45 1450328300
AR decoder_2to4_muser_mux_8way_4bit behavioral C:/Users/rastr-tz/Desktop/edited/nanoprocessor/Mux_8way_4bit.vhf sub00/vhpl67 1450328330
EN ha_muser_nanoprocessor NULL C:/Users/rastr-tz/Desktop/edited/nanoprocessor/NanoProcessor.vhf sub00/vhpl20 1450328275
EN mux_2to1_muser_nanoprocessor NULL C:/Users/rastr-tz/Desktop/edited/nanoprocessor/NanoProcessor.vhf sub00/vhpl14 1450328269
AR reg_4bit behavioral C:/Users/rastr-tz/Desktop/edited/nanoprocessor/Reg_4bit.vhf sub00/vhpl97 1450328364
EN fa_muser_add_sub_unit_4bit NULL C:/Users/rastr-tz/Desktop/edited/nanoprocessor/Add_sub_unit_4bit.vhf sub00/vhpl02 1450328311
AR decoder_3to8 behavioral C:/Users/rastr-tz/Desktop/edited/nanoprocessor/Decoder_3to8.vhf sub01/vhpl101 1450328368
AR adder_3bit behavioral C:/Users/rastr-tz/Desktop/edited/nanoprocessor/Adder_3bit.vhf sub00/vhpl53 1450328308
AR pc behavioral C:/Users/rastr-tz/Desktop/edited/nanoprocessor/PC.vhf sub00/vhpl75 1450328338
EN decoder_3to8 NULL C:/Users/rastr-tz/Desktop/edited/nanoprocessor/Decoder_3to8.vhf sub01/vhpl100 1450328367
AR lut_muser_nanoprocessor behavioral C:/Users/rastr-tz/Desktop/edited/nanoprocessor/NanoProcessor.vhf sub01/vhpl103 1450328266
EN mux_8to1_muser_nanoprocessor NULL C:/Users/rastr-tz/Desktop/edited/nanoprocessor/NanoProcessor.vhf sub00/vhpl32 1450328287
AR fa_muser_adder_3bit behavioral C:/Users/rastr-tz/Desktop/edited/nanoprocessor/Adder_3bit.vhf sub00/vhpl51 1450328306
AR fa_muser_nanoprocessor behavioral C:/Users/rastr-tz/Desktop/edited/nanoprocessor/NanoProcessor.vhf sub00/vhpl23 1450328278
AR add_sub_unit_4bit_muser_nanoprocessor behavioral C:/Users/rastr-tz/Desktop/edited/nanoprocessor/NanoProcessor.vhf sub00/vhpl41 1450328296
EN decoder_3to8_muser_mux_8to1 NULL C:/Users/rastr-tz/Desktop/edited/nanoprocessor/MUX_8to1.vhf sub00/vhpl92 1450328359
EN mux_8to1_muser_mux_8way_4bit NULL C:/Users/rastr-tz/Desktop/edited/nanoprocessor/Mux_8way_4bit.vhf sub00/vhpl70 1450328333
EN reg_4bit_muser_nanoprocessor NULL C:/Users/rastr-tz/Desktop/edited/nanoprocessor/NanoProcessor.vhf sub00/vhpl36 1450328291
AR reg8_bank behavioral C:/Users/rastr-tz/Desktop/edited/nanoprocessor/Reg8_bank.vhf sub00/vhpl85 1450328348
AR decoder_3to8_muser_mux_8to1 behavioral C:/Users/rastr-tz/Desktop/edited/nanoprocessor/MUX_8to1.vhf sub00/vhpl93 1450328360
EN decoder_3to8_muser_reg8_bank NULL C:/Users/rastr-tz/Desktop/edited/nanoprocessor/Reg8_bank.vhf sub00/vhpl82 1450328345
EN or8_mxilinx_mux_8to1 NULL C:/Users/rastr-tz/Desktop/edited/nanoprocessor/MUX_8to1.vhf sub00/vhpl88 1450328355
EN mux_2way_4bit_muser_nanoprocessor NULL C:/Users/rastr-tz/Desktop/edited/nanoprocessor/NanoProcessor.vhf sub00/vhpl42 1450328297
AR mux_2to1_muser_nanoprocessor behavioral C:/Users/rastr-tz/Desktop/edited/nanoprocessor/NanoProcessor.vhf sub00/vhpl15 1450328270
EN program_rom NULL C:/Users/rastr-tz/Desktop/edited/nanoprocessor/Program_ROM.vhf sub00/vhpl76 1450328339
AR mux_2way_4bit behavioral C:/Users/rastr-tz/Desktop/edited/nanoprocessor/Mux_2way_4bit.vhf sub00/vhpl63 1450328326
